Training with 34007 events. (weighted 1245)
Training MLP epoch 1, rel chi^2: 0.027998
Training MLP epoch 11, rel chi^2: 0.0217184
Training MLP epoch 21, rel chi^2: 0.0200578
Training MLP epoch 31, rel chi^2: 0.0193245
Training MLP epoch 41, rel chi^2: 0.0186373
Training MLP epoch 51, rel chi^2: 0.0174232
Training MLP epoch 61, rel chi^2: 0.0165704
Training MLP epoch 71, rel chi^2: 0.0160201
Training MLP epoch 81, rel chi^2: 0.0156426
Training MLP epoch 91, rel chi^2: 0.0152893
