Training with 4361 events. (weighted 817)
Training MLP epoch 1, rel chi^2: 0.00519095
Training MLP epoch 11, rel chi^2: 0.000672447
Training MLP epoch 21, rel chi^2: 0.000129027
Training MLP epoch 31, rel chi^2: 7.12909e-05
Training MLP epoch 41, rel chi^2: 7.09541e-05
Training MLP epoch 51, rel chi^2: 7.05955e-05
Training MLP epoch 61, rel chi^2: 2.30963e-05
Training MLP epoch 71, rel chi^2: 4.94268e-08
Training MLP epoch 81, rel chi^2: 2.14315e-08
Training MLP epoch 91, rel chi^2: 1.76634e-08
