Training with 16632 events. (weighted 1352)
Training MLP epoch 1, rel chi^2: 0.0509681
Training MLP epoch 11, rel chi^2: 0.0415726
Training MLP epoch 21, rel chi^2: 0.0399962
Training MLP epoch 31, rel chi^2: 0.0384142
Training MLP epoch 41, rel chi^2: 0.037775
Training MLP epoch 51, rel chi^2: 0.0369083
Training MLP epoch 61, rel chi^2: 0.0362359
Training MLP epoch 71, rel chi^2: 0.0358448
Training MLP epoch 81, rel chi^2: 0.035456
Training MLP epoch 91, rel chi^2: 0.0351526
